> Task :app:checkKotlinGradlePluginConfigurationErrors
> Task :app:preBuild UP-TO-DATE
> Task :app:preDebugBuild UP-TO-DATE
> Task :app:checkDebugAarMetadata UP-TO-DATE
> Task :app:processDebugNavigationResources UP-TO-DATE
> Task :app:compileDebugNavigationResources UP-TO-DATE
> Task :app:generateDebugResValues UP-TO-DATE
> Task :app:processDebugGoogleServices UP-TO-DATE
> Task :app:mapDebugSourceSetPaths UP-TO-DATE
> Task :app:generateDebugResources UP-TO-DATE
> Task :app:mergeDebugResources UP-TO-DATE
> Task :app:packageDebugResources UP-TO-DATE
> Task :app:parseDebugLocalResources UP-TO-DATE
> Task :app:createDebugCompatibleScreenManifests UP-TO-DATE
> Task :app:extractDeepLinksDebug UP-TO-DATE
> Task :app:processDebugMainManifest UP-TO-DATE
> Task :app:processDebugManifest UP-TO-DATE
> Task :app:processDebugManifestForPackage UP-TO-DATE
> Task :app:processDebugResources UP-TO-DATE

> Task :app:compileDebugKotlin FAILED
./gradlew : e: file:/
//C:/Users/WATCHARA%2
0MANADEE/.gemini/anti
gravity/playground/dy
namic-zodiac/app/src/
main/java/com/example
/timestampcamera/Main
Activity.kt:658:6 
Expecting '}'
At line:1 char:1
+ ./gradlew :app:comp
ileDebugKotlin > 
build_errors.txt 2>&1
+ ~~~~~~~~~~~~~~~~~~~
~~~~~~~~~~~~~~~~~~~~~
~~~~~~~~~~~~~~~~~
    + CategoryInfo   
           : 
NotSpecified: (e    
: file:///C:/U...6 
Ex    pecting 
'}':String) [    ], 
RemoteException
    + 
FullyQualifiedError  
  Id : 
NativeCommandErr    
or
 
e: file:///C:/Users/W
ATCHARA%20MANADEE/.ge
mini/antigravity/play
ground/dynamic-zodiac
/app/src/main/java/co
m/example/timestampca
mera/ui/CameraScreen.
kt:1650:2 Expecting 
'}'
e: file:///C:/Users/W
ATCHARA%20MANADEE/.ge
mini/antigravity/play
ground/dynamic-zodiac
/app/src/main/java/co
m/example/timestampca
mera/ui/CameraScreen.
kt:445:17 Unresolved 
reference: TopBar
e: file:///C:/Users/W
ATCHARA%20MANADEE/.ge
mini/antigravity/play
ground/dynamic-zodiac
/app/src/main/java/co
m/example/timestampca
mera/ui/CameraScreen.
kt:559:29 Unresolved 
reference: 
ExtensionBadge
e: file:///C:/Users/W
ATCHARA%20MANADEE/.ge
mini/antigravity/play
ground/dynamic-zodiac
/app/src/main/java/co
m/example/timestampca
mera/ui/CameraScreen.
kt:567:21 Unresolved 
reference: CameraPrev
iewPlaceholder
e: file:///C:/Users/W
ATCHARA%20MANADEE/.ge
mini/antigravity/play
ground/dynamic-zodiac
/app/src/main/java/co
m/example/timestampca
mera/ui/CameraScreen.
kt:673:21 Unresolved 
reference: 
ZoomControlPill
e: file:///C:/Users/W
ATCHARA%20MANADEE/.ge
mini/antigravity/play
ground/dynamic-zodiac
/app/src/main/java/co
m/example/timestampca
mera/ui/CameraScreen.
kt:676:44 Cannot 
infer a type for 
this parameter. 
Please specify it 
explicitly.
e: file:///C:/Users/W
ATCHARA%20MANADEE/.ge
mini/antigravity/play
ground/dynamic-zodiac
/app/src/main/java/co
m/example/timestampca
mera/ui/CameraScreen.
kt:685:21 Unresolved 
reference: 
ModeSelector
e: file:///C:/Users/W
ATCHARA%20MANADEE/.ge
mini/antigravity/play
ground/dynamic-zodiac
/app/src/main/java/co
m/example/timestampca
mera/ui/CameraScreen.
kt:687:44 Cannot 
infer a type for 
this parameter. 
Please specify it 
explicitly.
e: file:///C:/Users/W
ATCHARA%20MANADEE/.ge
mini/antigravity/play
ground/dynamic-zodiac
/app/src/main/java/co
m/example/timestampca
mera/ui/CameraScreen.
kt:705:13 Unresolved 
reference: 
BottomControlBar
e: file:///C:/Users/W
ATCHARA%20MANADEE/.ge
mini/antigravity/play
ground/dynamic-zodiac
/app/src/main/java/co
m/example/timestampca
mera/ui/CameraScreen.
kt:1145:1 Modifier 
'private' is not 
applicable to 'local 
function'
e: file:///C:/Users/W
ATCHARA%20MANADEE/.ge
mini/antigravity/play
ground/dynamic-zodiac
/app/src/main/java/co
m/example/timestampca
mera/ui/CameraScreen.
kt:1157:1 Modifier 
'private' is not 
applicable to 'local 
function'
e: file:///C:/Users/W
ATCHARA%20MANADEE/.ge
mini/antigravity/play
ground/dynamic-zodiac
/app/src/main/java/co
m/example/timestampca
mera/ui/CameraScreen.
kt:1199:1 Modifier 
'private' is not 
applicable to 'local 
function'
e: file:///C:/Users/W
ATCHARA%20MANADEE/.ge
mini/antigravity/play
ground/dynamic-zodiac
/app/src/main/java/co
m/example/timestampca
mera/ui/CameraScreen.
kt:1248:1 Modifier 
'private' is not 
applicable to 'local 
function'
e: file:///C:/Users/W
ATCHARA%20MANADEE/.ge
mini/antigravity/play
ground/dynamic-zodiac
/app/src/main/java/co
m/example/timestampca
mera/ui/CameraScreen.
kt:1257:1 Modifier 
'private' is not 
applicable to 'local 
function'
e: file:///C:/Users/W
ATCHARA%20MANADEE/.ge
mini/antigravity/play
ground/dynamic-zodiac
/app/src/main/java/co
m/example/timestampca
mera/ui/CameraScreen.
kt:1332:1 Modifier 
'private' is not 
applicable to 'local 
function'
e: file:///C:/Users/W
ATCHARA%20MANADEE/.ge
mini/antigravity/play
ground/dynamic-zodiac
/app/src/main/java/co
m/example/timestampca
mera/ui/CameraScreen.
kt:1354:18 
Unresolved 
reference: 
GalleryThumbnail
e: file:///C:/Users/W
ATCHARA%20MANADEE/.ge
mini/antigravity/play
ground/dynamic-zodiac
/app/src/main/java/co
m/example/timestampca
mera/ui/CameraScreen.
kt:1364:13 
Unresolved 
reference: 
ShutterButton
e: file:///C:/Users/W
ATCHARA%20MANADEE/.ge
mini/antigravity/play
ground/dynamic-zodiac
/app/src/main/java/co
m/example/timestampca
mera/ui/CameraScreen.
kt:1387:17 
Unresolved 
reference: 
SwitchCameraButton
e: file:///C:/Users/W
ATCHARA%20MANADEE/.ge
mini/antigravity/play
ground/dynamic-zodiac
/app/src/main/java/co
m/example/timestampca
mera/ui/CameraScreen.
kt:1397:1 Modifier 
'private' is not 
applicable to 'local 
function'
e: file:///C:/Users/W
ATCHARA%20MANADEE/.ge
mini/antigravity/play
ground/dynamic-zodiac
/app/src/main/java/co
m/example/timestampca
mera/ui/CameraScreen.
kt:1436:1 Modifier 
'private' is not 
applicable to 'local 
function'
e: file:///C:/Users/W
ATCHARA%20MANADEE/.ge
mini/antigravity/play
ground/dynamic-zodiac
/app/src/main/java/co
m/example/timestampca
mera/ui/CameraScreen.
kt:1552:1 Modifier 
'private' is not 
applicable to 'local 
function'
e: file:///C:/Users/W
ATCHARA%20MANADEE/.ge
mini/antigravity/play
ground/dynamic-zodiac
/app/src/main/java/co
m/example/timestampca
mera/ui/CameraScreen.
kt:1575:1 Modifier 
'private' is not 
applicable to 'local 
function'
e: file:///C:/Users/W
ATCHARA%20MANADEE/.ge
mini/antigravity/play
ground/dynamic-zodiac
/app/src/main/java/co
m/example/timestampca
mera/ui/CameraScreen.
kt:1607:1 Modifier 
'private' is not 
applicable to 'local 
function'

[Incubating] Problems report is available at: file:///C:/Users/WATCHARA%20MANADEE/.gemini/antigravity/playground/dynamic-zodiac/build/reports/problems/problems-report.html

FAILURE: Build 
failed with an 
exception.

* What went wrong:
Execution failed for 
task ':app:compileDeb
ugKotlin'.
> A failure occurred 
while executing org.j
etbrains.kotlin.compi
lerRunner.GradleCompi
lerRunnerWithWorkers$
GradleKotlinCompilerW
orkAction
   > Compilation 
error. See log for 
more details

* Try:
> Run with 
--stacktrace option 
to get the stack 
trace.
> Run with --info or 
--debug option to 
get more log output.
> Run with --scan to 
get full insights.
> Get more help at ht
tps://help.gradle.org
.

Deprecated Gradle features were used in this build, making it incompatible with Gradle 9.0.

You can use '--warning-mode all' to show the individual deprecation warnings and determine if they come from your own scripts or plugins.

For more on this, please refer to https://docs.gradle.org/8.13/userguide/command_line_interface.html#sec:command_line_warnings in the Gradle documentation.

BUILD FAILED in 22s
18 actionable tasks: 2 executed, 16 up-to-date
