> Task :app:preBuild UP-TO-DATE
> Task :app:preDebugBuild UP-TO-DATE
> Task :app:mergeDebugNativeDebugMetadata NO-SOURCE
> Task :app:checkKotlinGradlePluginConfigurationErrors
> Task :app:checkDebugAarMetadata UP-TO-DATE
> Task :app:processDebugNavigationResources UP-TO-DATE
> Task :app:compileDebugNavigationResources UP-TO-DATE
> Task :app:generateDebugResValues UP-TO-DATE
> Task :app:mapDebugSourceSetPaths UP-TO-DATE
> Task :app:generateDebugResources UP-TO-DATE
> Task :app:mergeDebugResources UP-TO-DATE
> Task :app:packageDebugResources UP-TO-DATE
> Task :app:parseDebugLocalResources UP-TO-DATE
> Task :app:createDebugCompatibleScreenManifests UP-TO-DATE
> Task :app:extractDeepLinksDebug UP-TO-DATE
> Task :app:processDebugMainManifest UP-TO-DATE
> Task :app:processDebugManifest UP-TO-DATE
> Task :app:processDebugManifestForPackage UP-TO-DATE
> Task :app:processDebugResources UP-TO-DATE
> Task :app:javaPreCompileDebug UP-TO-DATE
> Task :app:mergeDebugShaders UP-TO-DATE
> Task :app:compileDebugShaders NO-SOURCE
> Task :app:generateDebugAssets UP-TO-DATE
> Task :app:mergeDebugAssets UP-TO-DATE
> Task :app:compressDebugAssets UP-TO-DATE
> Task :app:checkDebugDuplicateClasses UP-TO-DATE
> Task :app:desugarDebugFileDependencies UP-TO-DATE
> Task :app:mergeExtDexDebug UP-TO-DATE
> Task :app:mergeLibDexDebug UP-TO-DATE
> Task :app:mergeDebugJniLibFolders UP-TO-DATE
> Task :app:mergeDebugNativeLibs UP-TO-DATE
> Task :app:stripDebugDebugSymbols UP-TO-DATE
> Task :app:validateSigningDebug UP-TO-DATE
> Task :app:writeDebugAppMetadata UP-TO-DATE
> Task :app:writeDebugSigningConfigVersions UP-TO-DATE

> Task :app:compileDebugKotlin
e: file:///C:/Users/WATCHARA%20MANADEE/.gemini/antigravity/playground/dynamic-zodiac/app/src/main/java/com/example/timestampcamera/data/SettingsRepository.kt:435:54 Unresolved reference. None of the following candidates is applicable because of receiver type mismatch: 
public fun <T> Array<out TypeVariable(T)>.takeLast(n: Int): List<TypeVariable(T)> defined in kotlin.collections
public fun BooleanArray.takeLast(n: Int): List<Boolean> defined in kotlin.collections
public fun ByteArray.takeLast(n: Int): List<Byte> defined in kotlin.collections
public fun CharArray.takeLast(n: Int): List<Char> defined in kotlin.collections
public fun CharSequence.takeLast(n: Int): CharSequence defined in kotlin.text
public fun DoubleArray.takeLast(n: Int): List<Double> defined in kotlin.collections
public fun FloatArray.takeLast(n: Int): List<Float> defined in kotlin.collections
public fun IntArray.takeLast(n: Int): List<Int> defined in kotlin.collections
public fun LongArray.takeLast(n: Int): List<Long> defined in kotlin.collections
public fun ShortArray.takeLast(n: Int): List<Short> defined in kotlin.collections
public fun String.takeLast(n: Int): String defined in kotlin.text
public fun UByteArray.takeLast(n: Int): List<UByte> defined in kotlin.collections
public fun UIntArray.takeLast(n: Int): List<UInt> defined in kotlin.collections
public fun ULongArray.takeLast(n: Int): List<ULong> defined in kotlin.collections
public fun UShortArray.takeLast(n: Int): List<UShort> defined in kotlin.collections
public fun <T> List<TypeVariable(T)>.takeLast(n: Int): List<TypeVariable(T)> defined in kotlin.collections
e: file:///C:/Users/WATCHARA%20MANADEE/.gemini/antigravity/playground/dynamic-zodiac/app/src/main/java/com/example/timestampcamera/ui/CameraScreen.kt:720:13 An argument is already passed for this parameter
e: file:///C:/Users/WATCHARA%20MANADEE/.gemini/antigravity/playground/dynamic-zodiac/app/src/main/java/com/example/timestampcamera/ui/CameraScreen.kt:720:63 Unresolved reference: it

> Task :app:compileDebugKotlin FAILED

[Incubating] Problems report is available at: file:///C:/Users/WATCHARA%20MANADEE/.gemini/antigravity/playground/dynamic-zodiac/build/reports/problems/problems-report.html

FAILURE: Build failed with an exception.

* What went wrong:
Execution failed for task ':app:compileDebugKotlin'.
> A failure occurred while executing org.jetbrains.kotlin.compilerRunner.GradleCompilerRunnerWithWorkers$GradleKotlinCompilerWorkAction
   > Compilation error. See log for more details

* Try:
> Run with --stacktrace option to get the stack trace.
> Run with --info or --debug option to get more log output.
> Run with --scan to get full insights.
> Get more help at https://help.gradle.org.

Deprecated Gradle features were used in this build, making it incompatible with Gradle 10.0.

You can use '--warning-mode all' to show the individual deprecation warnings and determine if they come from your own scripts or plugins.

For more on this, please refer to https://docs.gradle.org/9.0-milestone-1/userguide/command_line_interface.html#sec:command_line_warnings in the Gradle documentation.

BUILD FAILED in 12s
31 actionable tasks: 2 executed, 29 up-to-date
