> Task :app:preBuild UP-TO-DATE
> Task :app:preDebugBuild UP-TO-DATE
> Task :app:mergeDebugNativeDebugMetadata NO-SOURCE
> Task :app:checkKotlinGradlePluginConfigurationErrors
> Task :app:checkDebugAarMetadata UP-TO-DATE
> Task :app:processDebugNavigationResources UP-TO-DATE
> Task :app:compileDebugNavigationResources UP-TO-DATE
> Task :app:generateDebugResValues UP-TO-DATE
> Task :app:processDebugGoogleServices UP-TO-DATE
> Task :app:mapDebugSourceSetPaths UP-TO-DATE
> Task :app:generateDebugResources UP-TO-DATE
> Task :app:mergeDebugResources UP-TO-DATE
> Task :app:packageDebugResources UP-TO-DATE
> Task :app:parseDebugLocalResources UP-TO-DATE
> Task :app:createDebugCompatibleScreenManifests UP-TO-DATE
> Task :app:extractDeepLinksDebug UP-TO-DATE
> Task :app:processDebugMainManifest UP-TO-DATE
> Task :app:processDebugManifest UP-TO-DATE
> Task :app:processDebugManifestForPackage UP-TO-DATE
> Task :app:processDebugResources UP-TO-DATE
> Task :app:javaPreCompileDebug UP-TO-DATE
> Task :app:mergeDebugShaders UP-TO-DATE
> Task :app:compileDebugShaders NO-SOURCE
> Task :app:generateDebugAssets UP-TO-DATE
> Task :app:mergeDebugAssets UP-TO-DATE
> Task :app:compressDebugAssets UP-TO-DATE
> Task :app:checkDebugDuplicateClasses UP-TO-DATE
> Task :app:desugarDebugFileDependencies UP-TO-DATE
> Task :app:mergeExtDexDebug UP-TO-DATE
> Task :app:mergeLibDexDebug UP-TO-DATE
> Task :app:mergeDebugJniLibFolders UP-TO-DATE
> Task :app:mergeDebugNativeLibs UP-TO-DATE
> Task :app:stripDebugDebugSymbols UP-TO-DATE
> Task :app:validateSigningDebug UP-TO-DATE
> Task :app:writeDebugAppMetadata UP-TO-DATE
> Task :app:writeDebugSigningConfigVersions UP-TO-DATE

> Task :app:compileDebugKotlin
e: file:///C:/Users/WATCHARA%20MANADEE/.gemini/antigravity/playground/dynamic-zodiac/app/src/main/java/com/example/timestampcamera/MainActivity.kt:401:23 Unresolved reference: setRecording
e: file:///C:/Users/WATCHARA%20MANADEE/.gemini/antigravity/playground/dynamic-zodiac/app/src/main/java/com/example/timestampcamera/MainActivity.kt:434:35 Unresolved reference: setRecording
e: file:///C:/Users/WATCHARA%20MANADEE/.gemini/antigravity/playground/dynamic-zodiac/app/src/main/java/com/example/timestampcamera/MainActivity.kt:437:35 Unresolved reference: setRecording
e: file:///C:/Users/WATCHARA%20MANADEE/.gemini/antigravity/playground/dynamic-zodiac/app/src/main/java/com/example/timestampcamera/ui/CameraScreen.kt:230:28 Unresolved reference: setRecording
e: file:///C:/Users/WATCHARA%20MANADEE/.gemini/antigravity/playground/dynamic-zodiac/app/src/main/java/com/example/timestampcamera/ui/CameraScreen.kt:538:17 Overload resolution ambiguity: 
private fun LevelIndicator(modifier: Modifier = ..., rollAngle: Float): Unit defined in com.example.timestampcamera.ui in file CameraScreen.kt
public fun LevelIndicator(rollAngle: Float, modifier: Modifier = ...): Unit defined in com.example.timestampcamera.ui in file LevelIndicator.kt

> Task :app:compileDebugKotlin FAILED

[Incubating] Problems report is available at: file:///C:/Users/WATCHARA%20MANADEE/.gemini/antigravity/playground/dynamic-zodiac/build/reports/problems/problems-report.html

FAILURE: Build failed with an exception.

* What went wrong:
Execution failed for task ':app:compileDebugKotlin'.
> A failure occurred while executing org.jetbrains.kotlin.compilerRunner.GradleCompilerRunnerWithWorkers$GradleKotlinCompilerWorkAction
   > Compilation error. See log for more details

* Try:
> Run with --stacktrace option to get the stack trace.
> Run with --info or --debug option to get more log output.
> Run with --scan to get full insights.
> Get more help at https://help.gradle.org.

Deprecated Gradle features were used in this build, making it incompatible with Gradle 9.0.

You can use '--warning-mode all' to show the individual deprecation warnings and determine if they come from your own scripts or plugins.

For more on this, please refer to https://docs.gradle.org/8.13/userguide/command_line_interface.html#sec:command_line_warnings in the Gradle documentation.

BUILD FAILED in 21s
32 actionable tasks: 2 executed, 30 up-to-date
